Multiple
TopOptStructuralAnalysis_0.post.bin
Multiple
TopOptStructuralAnalysis_0.post.bin
TopOptStructuralAnalysis_1.post.bin
TopOptStructuralAnalysis_2.post.bin
TopOptStructuralAnalysis_3.post.bin
TopOptStructuralAnalysis_4.post.bin
TopOptStructuralAnalysis_5.post.bin
Multiple
TopOptStructuralAnalysis_0.post.bin
Multiple
TopOptStructuralAnalysis_0.post.bin
Multiple
TopOptStructuralAnalysis_0.post.bin
TopOptStructuralAnalysis_1.post.bin
TopOptStructuralAnalysis_1.post.bin
TopOptStructuralAnalysis_2.post.bin
Multiple
TopOptStructuralAnalysis_0.post.bin
TopOptStructuralAnalysis_1.post.bin
TopOptStructuralAnalysis_2.post.bin
TopOptStructuralAnalysis_3.post.bin
TopOptStructuralAnalysis_4.post.bin
TopOptStructuralAnalysis_5.post.bin
TopOptStructuralAnalysis_6.post.bin
TopOptStructuralAnalysis_7.post.bin
TopOptStructuralAnalysis_8.post.bin
TopOptStructuralAnalysis_9.post.bin
TopOptStructuralAnalysis_10.post.bin
TopOptStructuralAnalysis_11.post.bin
TopOptStructuralAnalysis_12.post.bin
TopOptStructuralAnalysis_13.post.bin
TopOptStructuralAnalysis_14.post.bin
TopOptStructuralAnalysis_15.post.bin
TopOptStructuralAnalysis_16.post.bin
TopOptStructuralAnalysis_17.post.bin
TopOptStructuralAnalysis_18.post.bin
TopOptStructuralAnalysis_19.post.bin
TopOptStructuralAnalysis_20.post.bin
TopOptStructuralAnalysis_21.post.bin
TopOptStructuralAnalysis_22.post.bin
TopOptStructuralAnalysis_23.post.bin
TopOptStructuralAnalysis_24.post.bin
TopOptStructuralAnalysis_25.post.bin
TopOptStructuralAnalysis_26.post.bin
TopOptStructuralAnalysis_27.post.bin
TopOptStructuralAnalysis_28.post.bin
TopOptStructuralAnalysis_29.post.bin
TopOptStructuralAnalysis_30.post.bin
TopOptStructuralAnalysis_31.post.bin
TopOptStructuralAnalysis_32.post.bin
TopOptStructuralAnalysis_33.post.bin
TopOptStructuralAnalysis_34.post.bin
TopOptStructuralAnalysis_35.post.bin
TopOptStructuralAnalysis_36.post.bin
TopOptStructuralAnalysis_37.post.bin
TopOptStructuralAnalysis_38.post.bin
TopOptStructuralAnalysis_39.post.bin
TopOptStructuralAnalysis_40.post.bin
TopOptStructuralAnalysis_41.post.bin
TopOptStructuralAnalysis_42.post.bin
TopOptStructuralAnalysis_43.post.bin
TopOptStructuralAnalysis_44.post.bin
TopOptStructuralAnalysis_45.post.bin
TopOptStructuralAnalysis_46.post.bin
TopOptStructuralAnalysis_47.post.bin
TopOptStructuralAnalysis_48.post.bin
TopOptStructuralAnalysis_49.post.bin
TopOptStructuralAnalysis_50.post.bin
TopOptStructuralAnalysis_51.post.bin
TopOptStructuralAnalysis_52.post.bin
TopOptStructuralAnalysis_53.post.bin
TopOptStructuralAnalysis_54.post.bin
TopOptStructuralAnalysis_55.post.bin
TopOptStructuralAnalysis_56.post.bin
TopOptStructuralAnalysis_57.post.bin
TopOptStructuralAnalysis_58.post.bin
TopOptStructuralAnalysis_59.post.bin
TopOptStructuralAnalysis_60.post.bin
TopOptStructuralAnalysis_61.post.bin
TopOptStructuralAnalysis_62.post.bin
TopOptStructuralAnalysis_63.post.bin
TopOptStructuralAnalysis_64.post.bin
TopOptStructuralAnalysis_65.post.bin
TopOptStructuralAnalysis_66.post.bin
TopOptStructuralAnalysis_67.post.bin
TopOptStructuralAnalysis_68.post.bin
TopOptStructuralAnalysis_69.post.bin
TopOptStructuralAnalysis_70.post.bin
TopOptStructuralAnalysis_71.post.bin
TopOptStructuralAnalysis_72.post.bin
TopOptStructuralAnalysis_73.post.bin
TopOptStructuralAnalysis_74.post.bin
TopOptStructuralAnalysis_75.post.bin
TopOptStructuralAnalysis_76.post.bin
TopOptStructuralAnalysis_77.post.bin
TopOptStructuralAnalysis_78.post.bin
TopOptStructuralAnalysis_79.post.bin
TopOptStructuralAnalysis_80.post.bin
TopOptStructuralAnalysis_81.post.bin
TopOptStructuralAnalysis_82.post.bin
TopOptStructuralAnalysis_83.post.bin
TopOptStructuralAnalysis_84.post.bin
TopOptStructuralAnalysis_85.post.bin
TopOptStructuralAnalysis_86.post.bin
TopOptStructuralAnalysis_87.post.bin
TopOptStructuralAnalysis_88.post.bin
TopOptStructuralAnalysis_89.post.bin
TopOptStructuralAnalysis_3.post.bin
TopOptStructuralAnalysis_2.post.bin
TopOptStructuralAnalysis_4.post.bin
TopOptStructuralAnalysis_5.post.bin
TopOptStructuralAnalysis_3.post.bin
TopOptStructuralAnalysis_6.post.bin
TopOptStructuralAnalysis_7.post.bin
TopOptStructuralAnalysis_8.post.bin
TopOptStructuralAnalysis_9.post.bin
TopOptStructuralAnalysis_10.post.bin
TopOptStructuralAnalysis_4.post.bin
TopOptStructuralAnalysis_11.post.bin
TopOptStructuralAnalysis_12.post.bin
TopOptStructuralAnalysis_13.post.bin
TopOptStructuralAnalysis_14.post.bin
TopOptStructuralAnalysis_5.post.bin
TopOptStructuralAnalysis_15.post.bin
TopOptStructuralAnalysis_16.post.bin
TopOptStructuralAnalysis_17.post.bin
TopOptStructuralAnalysis_18.post.bin
TopOptStructuralAnalysis_6.post.bin
TopOptStructuralAnalysis_19.post.bin
TopOptStructuralAnalysis_20.post.bin
TopOptStructuralAnalysis_7.post.bin
Multiple
TopOptStructuralAnalysis_0.post.bin
TopOptStructuralAnalysis_1.post.bin
Multiple
TopOptStructuralAnalysis_0.post.bin
TopOptStructuralAnalysis_1.post.bin
Multiple
TopOptStructuralAnalysis_0.post.bin
Multiple
TopOptStructuralAnalysis_0.post.bin
TopOptStructuralAnalysis_1.post.bin
Multiple
TopOptStructuralAnalysis_0.post.bin
TopOptStructuralAnalysis_1.post.bin
TopOptStructuralAnalysis_2.post.bin
TopOptStructuralAnalysis_3.post.bin
TopOptStructuralAnalysis_4.post.bin
TopOptStructuralAnalysis_5.post.bin
TopOptStructuralAnalysis_6.post.bin
TopOptStructuralAnalysis_7.post.bin
TopOptStructuralAnalysis_8.post.bin
TopOptStructuralAnalysis_9.post.bin
TopOptStructuralAnalysis_10.post.bin
TopOptStructuralAnalysis_11.post.bin
TopOptStructuralAnalysis_12.post.bin
Multiple
TopOptStructuralAnalysis_0.post.res
TopOptStructuralAnalysis_1.post.res
TopOptStructuralAnalysis_2.post.res
TopOptStructuralAnalysis_13.post.bin
TopOptStructuralAnalysis_14.post.bin
TopOptStructuralAnalysis_15.post.bin
TopOptStructuralAnalysis_16.post.bin
TopOptStructuralAnalysis_17.post.bin
TopOptStructuralAnalysis_18.post.bin
TopOptStructuralAnalysis_19.post.bin
TopOptStructuralAnalysis_20.post.bin
TopOptStructuralAnalysis_21.post.bin
TopOptStructuralAnalysis_22.post.bin
TopOptStructuralAnalysis_23.post.bin
TopOptStructuralAnalysis_24.post.bin
TopOptStructuralAnalysis_25.post.bin
TopOptStructuralAnalysis_26.post.bin
TopOptStructuralAnalysis_27.post.bin
TopOptStructuralAnalysis_28.post.bin
TopOptStructuralAnalysis_29.post.bin
TopOptStructuralAnalysis_30.post.bin
TopOptStructuralAnalysis_31.post.bin
TopOptStructuralAnalysis_32.post.bin
TopOptStructuralAnalysis_33.post.bin
TopOptStructuralAnalysis_34.post.bin
TopOptStructuralAnalysis_35.post.bin
TopOptStructuralAnalysis_36.post.bin
TopOptStructuralAnalysis_37.post.bin
TopOptStructuralAnalysis_38.post.bin
TopOptStructuralAnalysis_39.post.bin
TopOptStructuralAnalysis_40.post.bin
TopOptStructuralAnalysis_41.post.bin
TopOptStructuralAnalysis_42.post.bin
TopOptStructuralAnalysis_43.post.bin
TopOptStructuralAnalysis_44.post.bin
TopOptStructuralAnalysis_45.post.bin
TopOptStructuralAnalysis_46.post.bin
TopOptStructuralAnalysis_47.post.bin
TopOptStructuralAnalysis_48.post.bin
TopOptStructuralAnalysis_49.post.bin
TopOptStructuralAnalysis_50.post.bin
TopOptStructuralAnalysis_51.post.bin
TopOptStructuralAnalysis_52.post.bin
TopOptStructuralAnalysis_53.post.bin
TopOptStructuralAnalysis_54.post.bin
TopOptStructuralAnalysis_55.post.bin
TopOptStructuralAnalysis_56.post.bin
TopOptStructuralAnalysis_57.post.bin
TopOptStructuralAnalysis_58.post.bin
TopOptStructuralAnalysis_59.post.bin
TopOptStructuralAnalysis_60.post.bin
TopOptStructuralAnalysis_61.post.bin
TopOptStructuralAnalysis_62.post.bin
TopOptStructuralAnalysis_63.post.bin
TopOptStructuralAnalysis_64.post.bin
TopOptStructuralAnalysis_65.post.bin
TopOptStructuralAnalysis_66.post.bin
TopOptStructuralAnalysis_67.post.bin
TopOptStructuralAnalysis_68.post.bin
TopOptStructuralAnalysis_69.post.bin
TopOptStructuralAnalysis_70.post.bin
TopOptStructuralAnalysis_71.post.bin
TopOptStructuralAnalysis_72.post.bin
TopOptStructuralAnalysis_73.post.bin
TopOptStructuralAnalysis_74.post.bin
Multiple
TopOptStructuralAnalysis_0.post.bin
TopOptStructuralAnalysis_1.post.bin
TopOptStructuralAnalysis_2.post.bin
TopOptStructuralAnalysis_3.post.bin
TopOptStructuralAnalysis_4.post.bin
TopOptStructuralAnalysis_5.post.bin
TopOptStructuralAnalysis_6.post.bin
TopOptStructuralAnalysis_7.post.bin
TopOptStructuralAnalysis_8.post.bin
TopOptStructuralAnalysis_9.post.bin
TopOptStructuralAnalysis_10.post.bin
TopOptStructuralAnalysis_11.post.bin
TopOptStructuralAnalysis_12.post.bin
TopOptStructuralAnalysis_13.post.bin
TopOptStructuralAnalysis_14.post.bin
TopOptStructuralAnalysis_15.post.bin
TopOptStructuralAnalysis_16.post.bin
TopOptStructuralAnalysis_17.post.bin
TopOptStructuralAnalysis_18.post.bin
TopOptStructuralAnalysis_19.post.bin
TopOptStructuralAnalysis_20.post.bin
TopOptStructuralAnalysis_21.post.bin
TopOptStructuralAnalysis_22.post.bin
TopOptStructuralAnalysis_23.post.bin
TopOptStructuralAnalysis_24.post.bin
TopOptStructuralAnalysis_25.post.bin
TopOptStructuralAnalysis_26.post.bin
TopOptStructuralAnalysis_27.post.bin
TopOptStructuralAnalysis_28.post.bin
TopOptStructuralAnalysis_29.post.bin
TopOptStructuralAnalysis_30.post.bin
TopOptStructuralAnalysis_31.post.bin
TopOptStructuralAnalysis_32.post.bin
TopOptStructuralAnalysis_33.post.bin
TopOptStructuralAnalysis_34.post.bin
TopOptStructuralAnalysis_35.post.bin
TopOptStructuralAnalysis_36.post.bin
TopOptStructuralAnalysis_37.post.bin
TopOptStructuralAnalysis_38.post.bin
TopOptStructuralAnalysis_39.post.bin
TopOptStructuralAnalysis_40.post.bin
TopOptStructuralAnalysis_41.post.bin
TopOptStructuralAnalysis_42.post.bin
TopOptStructuralAnalysis_43.post.bin
TopOptStructuralAnalysis_44.post.bin
Multiple
TopOptStructuralAnalysis_0.post.bin
TopOptStructuralAnalysis_1.post.bin
TopOptStructuralAnalysis_2.post.bin
TopOptStructuralAnalysis_3.post.bin
TopOptStructuralAnalysis_4.post.bin
TopOptStructuralAnalysis_5.post.bin
TopOptStructuralAnalysis_6.post.bin
TopOptStructuralAnalysis_7.post.bin
TopOptStructuralAnalysis_8.post.bin
TopOptStructuralAnalysis_9.post.bin
TopOptStructuralAnalysis_10.post.bin
TopOptStructuralAnalysis_11.post.bin
TopOptStructuralAnalysis_12.post.bin
TopOptStructuralAnalysis_13.post.bin
TopOptStructuralAnalysis_14.post.bin
TopOptStructuralAnalysis_15.post.bin
TopOptStructuralAnalysis_16.post.bin
TopOptStructuralAnalysis_17.post.bin
TopOptStructuralAnalysis_18.post.bin
TopOptStructuralAnalysis_19.post.bin
TopOptStructuralAnalysis_20.post.bin
TopOptStructuralAnalysis_21.post.bin
TopOptStructuralAnalysis_22.post.bin
TopOptStructuralAnalysis_23.post.bin
TopOptStructuralAnalysis_24.post.bin
TopOptStructuralAnalysis_25.post.bin
TopOptStructuralAnalysis_26.post.bin
TopOptStructuralAnalysis_27.post.bin
TopOptStructuralAnalysis_28.post.bin
TopOptStructuralAnalysis_29.post.bin
TopOptStructuralAnalysis_30.post.bin
TopOptStructuralAnalysis_31.post.bin
TopOptStructuralAnalysis_32.post.bin
TopOptStructuralAnalysis_33.post.bin
TopOptStructuralAnalysis_34.post.bin
TopOptStructuralAnalysis_35.post.bin
TopOptStructuralAnalysis_36.post.bin
TopOptStructuralAnalysis_37.post.bin
TopOptStructuralAnalysis_38.post.bin
TopOptStructuralAnalysis_39.post.bin
TopOptStructuralAnalysis_40.post.bin
TopOptStructuralAnalysis_41.post.bin
TopOptStructuralAnalysis_42.post.bin
TopOptStructuralAnalysis_43.post.bin
TopOptStructuralAnalysis_44.post.bin
TopOptStructuralAnalysis_45.post.bin
TopOptStructuralAnalysis_46.post.bin
TopOptStructuralAnalysis_47.post.bin
TopOptStructuralAnalysis_48.post.bin
TopOptStructuralAnalysis_49.post.bin
TopOptStructuralAnalysis_50.post.bin
TopOptStructuralAnalysis_51.post.bin
TopOptStructuralAnalysis_52.post.bin
TopOptStructuralAnalysis_53.post.bin
TopOptStructuralAnalysis_54.post.bin
TopOptStructuralAnalysis_55.post.bin
